<?xml version="1.0" encoding="UTF-8"?>
<TestRun id="073e5c33-1d06-492a-ab45-dfe8fb9c8441" name="Антошка@АНТОШКА-ПК 2011-03-29 21:25:35" runUser="Антошка-ПК\Антошка" xmlns="http://microsoft.com/schemas/VisualStudio/TeamTest/2010">
  <TestSettings name="Параметры тестирования по умолчанию" id="3c6e0641-3d36-4420-9cd5-c947caa83e92">
    <Deployment runDeploymentRoot="Антошка_АНТОШКА-ПК 2011-03-29 21_25_35">
      <DeploymentItem filename="C:\Users\Антошка\Documents\Visual Studio 2010\Projects\libiamisc\trunk\MDA\bin\Debug\MDA.exe" />
    </Deployment>
    <Execution>
      <TestTypeSpecific />
      <AgentRule name="Execution Agents">
      </AgentRule>
    </Execution>
  </TestSettings>
  <Times creation="2011-03-29T21:25:35.5255349+07:00" queuing="2011-03-29T21:25:36.5925959+07:00" start="2011-03-29T21:25:36.7386043+07:00" finish="2011-03-29T21:25:37.9176717+07:00" />
  <ResultSummary outcome="Completed">
    <Counters total="3" executed="3" passed="3" error="0" failed="0" timeout="0" aborted="0" inconclusive="0" passedButRunAborted="0" notRunnable="0" notExecuted="0" disconnected="0" warning="0" completed="0" inProgress="0" pending="0" />
  </ResultSummary>
  <TestDefinitions>
    <UnitTest name="TestXMLReader1" storage="c:\users\антошка\documents\visual studio 2010\projects\libiamisc\trunk\mdatest\bin\debug\mdatest.dll" id="14d94656-d132-3c5d-2b32-ea017b71346a">
      <Execution id="3a02e06d-c397-4b10-b13b-84288394f8b0" />
      <TestMethod codeBase="C:/Users/Антошка/Documents/Visual Studio 2010/Projects/libiamisc/trunk/MDATest/bin/Debug/MDATest.DLL" adapterTypeName="Microsoft.VisualStudio.TestTools.TestTypes.Unit.UnitTestAdapter, Microsoft.VisualStudio.QualityTools.Tips.UnitTest.Adapter, Version=10.0.0.0, Culture=neutral, PublicKeyToken=b03f5f7f11d50a3a" className="TestMDA.OIP.TestXmlReader, MDATest, Version=1.0.0.0, Culture=neutral, PublicKeyToken=null" name="TestXMLReader1" />
    </UnitTest>
    <UnitTest name="Test2" storage="c:\users\антошка\documents\visual studio 2010\projects\libiamisc\trunk\mdatest\bin\debug\mdatest.dll" id="3b9482db-3132-8634-61b9-2d3b895a88d0">
      <Execution id="6fd5cd66-56b0-4a91-a80d-a820f6d111f6" />
      <TestMethod codeBase="C:/Users/Антошка/Documents/Visual Studio 2010/Projects/libiamisc/trunk/MDATest/bin/Debug/MDATest.DLL" adapterTypeName="Microsoft.VisualStudio.TestTools.TestTypes.Unit.UnitTestAdapter, Microsoft.VisualStudio.QualityTools.Tips.UnitTest.Adapter, Version=10.0.0.0, Culture=neutral, PublicKeyToken=b03f5f7f11d50a3a" className="TestMDA.Test, MDATest, Version=1.0.0.0, Culture=neutral, PublicKeyToken=null" name="Test2" />
    </UnitTest>
    <UnitTest name="Test1" storage="c:\users\антошка\documents\visual studio 2010\projects\libiamisc\trunk\mdatest\bin\debug\mdatest.dll" id="38be1589-5c39-600c-9d31-c6106087e460">
      <Execution id="64b6c8e9-5ca6-4463-88c3-ef9d2bf7e0b6" />
      <TestMethod codeBase="C:/Users/Антошка/Documents/Visual Studio 2010/Projects/libiamisc/trunk/MDATest/bin/Debug/MDATest.DLL" adapterTypeName="Microsoft.VisualStudio.TestTools.TestTypes.Unit.UnitTestAdapter, Microsoft.VisualStudio.QualityTools.Tips.UnitTest.Adapter, Version=10.0.0.0, Culture=neutral, PublicKeyToken=b03f5f7f11d50a3a" className="TestMDA.Test, MDATest, Version=1.0.0.0, Culture=neutral, PublicKeyToken=null" name="Test1" />
    </UnitTest>
  </TestDefinitions>
  <TestLists>
    <TestList name="Отсутствующие в списке результаты" id="8c84fa94-04c1-424b-9868-57a2d4851a1d" />
    <TestList name="Все загруженные результаты" id="19431567-8539-422a-85d7-44ee4e166bda" />
  </TestLists>
  <TestEntries>
    <TestEntry testId="14d94656-d132-3c5d-2b32-ea017b71346a" executionId="3a02e06d-c397-4b10-b13b-84288394f8b0" testListId="8c84fa94-04c1-424b-9868-57a2d4851a1d" />
    <TestEntry testId="38be1589-5c39-600c-9d31-c6106087e460" executionId="64b6c8e9-5ca6-4463-88c3-ef9d2bf7e0b6" testListId="8c84fa94-04c1-424b-9868-57a2d4851a1d" />
    <TestEntry testId="3b9482db-3132-8634-61b9-2d3b895a88d0" executionId="6fd5cd66-56b0-4a91-a80d-a820f6d111f6" testListId="8c84fa94-04c1-424b-9868-57a2d4851a1d" />
  </TestEntries>
  <Results>
    <UnitTestResult executionId="3a02e06d-c397-4b10-b13b-84288394f8b0" testId="14d94656-d132-3c5d-2b32-ea017b71346a" testName="TestXMLReader1" computerName="АНТОШКА-ПК" duration="00:00:00.0253538" startTime="2011-03-29T21:25:36.8696117+07:00" endTime="2011-03-29T21:25:37.7826640+07:00" testType="13cdc9d9-ddb5-4fa4-a97d-d965ccfc6d4b" outcome="Passed" testListId="8c84fa94-04c1-424b-9868-57a2d4851a1d" relativeResultsDirectory="3a02e06d-c397-4b10-b13b-84288394f8b0">
    </UnitTestResult>
    <UnitTestResult executionId="64b6c8e9-5ca6-4463-88c3-ef9d2bf7e0b6" testId="38be1589-5c39-600c-9d31-c6106087e460" testName="Test1" computerName="АНТОШКА-ПК" duration="00:00:00.0152320" startTime="2011-03-29T21:25:37.7986649+07:00" endTime="2011-03-29T21:25:37.8226663+07:00" testType="13cdc9d9-ddb5-4fa4-a97d-d965ccfc6d4b" outcome="Passed" testListId="8c84fa94-04c1-424b-9868-57a2d4851a1d" relativeResultsDirectory="64b6c8e9-5ca6-4463-88c3-ef9d2bf7e0b6">
    </UnitTestResult>
    <UnitTestResult executionId="6fd5cd66-56b0-4a91-a80d-a820f6d111f6" testId="3b9482db-3132-8634-61b9-2d3b895a88d0" testName="Test2" computerName="АНТОШКА-ПК" duration="00:00:00.0010305" startTime="2011-03-29T21:25:37.8296667+07:00" endTime="2011-03-29T21:25:37.8386672+07:00" testType="13cdc9d9-ddb5-4fa4-a97d-d965ccfc6d4b" outcome="Passed" testListId="8c84fa94-04c1-424b-9868-57a2d4851a1d" relativeResultsDirectory="6fd5cd66-56b0-4a91-a80d-a820f6d111f6">
    </UnitTestResult>
  </Results>
</TestRun>