<?xml version="1.0" encoding="UTF-8"?>
<TestRun id="3b8ea412-7c06-44b9-b230-bd278d73e75d" name="Антошка@АНТОШКА-ПК 2011-03-29 21:22:43" runUser="Антошка-ПК\Антошка" xmlns="http://microsoft.com/schemas/VisualStudio/TeamTest/2010">
  <TestSettings name="Параметры тестирования по умолчанию" id="fa8c7671-ce44-4c49-9ec5-acf035b7a7da">
    <Deployment runDeploymentRoot="Антошка_АНТОШКА-ПК 2011-03-29 21_22_43">
      <DeploymentItem filename="C:\Users\Антошка\Documents\Visual Studio 2010\Projects\libiamisc\trunk\MDA\bin\Debug\MDA.exe" />
    </Deployment>
    <Execution>
      <TestTypeSpecific />
      <AgentRule name="Execution Agents">
      </AgentRule>
    </Execution>
  </TestSettings>
  <Times creation="2011-03-29T21:22:43.4906950+07:00" queuing="2011-03-29T21:22:44.4917523+07:00" start="2011-03-29T21:22:44.6047588+07:00" finish="2011-03-29T21:22:48.5749858+07:00" />
  <ResultSummary outcome="Failed">
    <Counters total="3" executed="3" passed="2" error="0" failed="1" timeout="0" aborted="0" inconclusive="0" passedButRunAborted="0" notRunnable="0" notExecuted="0" disconnected="0" warning="0" completed="0" inProgress="0" pending="0" />
  </ResultSummary>
  <TestDefinitions>
    <UnitTest name="TestXMLReader1" storage="c:\users\антошка\documents\visual studio 2010\projects\libiamisc\trunk\mdatest\bin\debug\mdatest.dll" id="14d94656-d132-3c5d-2b32-ea017b71346a">
      <Execution id="0cc572a1-0292-4263-8a1e-fd2a74745c82" />
      <TestMethod codeBase="C:/Users/Антошка/Documents/Visual Studio 2010/Projects/libiamisc/trunk/MDATest/bin/Debug/MDATest.DLL" adapterTypeName="Microsoft.VisualStudio.TestTools.TestTypes.Unit.UnitTestAdapter, Microsoft.VisualStudio.QualityTools.Tips.UnitTest.Adapter, Version=10.0.0.0, Culture=neutral, PublicKeyToken=b03f5f7f11d50a3a" className="TestMDA.OIP.TestXmlReader, MDATest, Version=1.0.0.0, Culture=neutral, PublicKeyToken=null" name="TestXMLReader1" />
    </UnitTest>
    <UnitTest name="Test2" storage="c:\users\антошка\documents\visual studio 2010\projects\libiamisc\trunk\mdatest\bin\debug\mdatest.dll" id="3b9482db-3132-8634-61b9-2d3b895a88d0">
      <Execution id="5ead4450-1f30-4b50-b79f-750a77851ac3" />
      <TestMethod codeBase="C:/Users/Антошка/Documents/Visual Studio 2010/Projects/libiamisc/trunk/MDATest/bin/Debug/MDATest.DLL" adapterTypeName="Microsoft.VisualStudio.TestTools.TestTypes.Unit.UnitTestAdapter, Microsoft.VisualStudio.QualityTools.Tips.UnitTest.Adapter, Version=10.0.0.0, Culture=neutral, PublicKeyToken=b03f5f7f11d50a3a" className="TestMDA.Test, MDATest, Version=1.0.0.0, Culture=neutral, PublicKeyToken=null" name="Test2" />
    </UnitTest>
    <UnitTest name="Test1" storage="c:\users\антошка\documents\visual studio 2010\projects\libiamisc\trunk\mdatest\bin\debug\mdatest.dll" id="38be1589-5c39-600c-9d31-c6106087e460">
      <Execution id="31081f1d-9074-4703-aedb-31662207de39" />
      <TestMethod codeBase="C:/Users/Антошка/Documents/Visual Studio 2010/Projects/libiamisc/trunk/MDATest/bin/Debug/MDATest.DLL" adapterTypeName="Microsoft.VisualStudio.TestTools.TestTypes.Unit.UnitTestAdapter, Microsoft.VisualStudio.QualityTools.Tips.UnitTest.Adapter, Version=10.0.0.0, Culture=neutral, PublicKeyToken=b03f5f7f11d50a3a" className="TestMDA.Test, MDATest, Version=1.0.0.0, Culture=neutral, PublicKeyToken=null" name="Test1" />
    </UnitTest>
  </TestDefinitions>
  <TestLists>
    <TestList name="Отсутствующие в списке результаты" id="8c84fa94-04c1-424b-9868-57a2d4851a1d" />
    <TestList name="Все загруженные результаты" id="19431567-8539-422a-85d7-44ee4e166bda" />
  </TestLists>
  <TestEntries>
    <TestEntry testId="14d94656-d132-3c5d-2b32-ea017b71346a" executionId="0cc572a1-0292-4263-8a1e-fd2a74745c82" testListId="8c84fa94-04c1-424b-9868-57a2d4851a1d" />
    <TestEntry testId="38be1589-5c39-600c-9d31-c6106087e460" executionId="31081f1d-9074-4703-aedb-31662207de39" testListId="8c84fa94-04c1-424b-9868-57a2d4851a1d" />
    <TestEntry testId="3b9482db-3132-8634-61b9-2d3b895a88d0" executionId="5ead4450-1f30-4b50-b79f-750a77851ac3" testListId="8c84fa94-04c1-424b-9868-57a2d4851a1d" />
  </TestEntries>
  <Results>
    <UnitTestResult executionId="0cc572a1-0292-4263-8a1e-fd2a74745c82" testId="14d94656-d132-3c5d-2b32-ea017b71346a" testName="TestXMLReader1" computerName="АНТОШКА-ПК" duration="00:00:00.0236238" startTime="2011-03-29T21:22:44.6697625+07:00" endTime="2011-03-29T21:22:45.5928153+07:00" testType="13cdc9d9-ddb5-4fa4-a97d-d965ccfc6d4b" outcome="Passed" testListId="8c84fa94-04c1-424b-9868-57a2d4851a1d" relativeResultsDirectory="0cc572a1-0292-4263-8a1e-fd2a74745c82">
    </UnitTestResult>
    <UnitTestResult executionId="31081f1d-9074-4703-aedb-31662207de39" testId="38be1589-5c39-600c-9d31-c6106087e460" testName="Test1" computerName="АНТОШКА-ПК" duration="00:00:02.8195782" startTime="2011-03-29T21:22:45.6148165+07:00" endTime="2011-03-29T21:22:48.4699798+07:00" testType="13cdc9d9-ddb5-4fa4-a97d-d965ccfc6d4b" outcome="Failed" testListId="8c84fa94-04c1-424b-9868-57a2d4851a1d" relativeResultsDirectory="31081f1d-9074-4703-aedb-31662207de39">
      <Output>
        <ErrorInfo>
          <Message>Ошибка в Assert.AreEqual. Ожидается: &lt;0,3&gt;. Фактически: &lt;0&gt;. </Message>
          <StackTrace>   в TestMDA.Test.Test1() в C:\Users\Антошка\Documents\Visual Studio 2010\Projects\libiamisc\trunk\MDATest\Test.cs:строка 22
</StackTrace>
        </ErrorInfo>
      </Output>
    </UnitTestResult>
    <UnitTestResult executionId="5ead4450-1f30-4b50-b79f-750a77851ac3" testId="3b9482db-3132-8634-61b9-2d3b895a88d0" testName="Test2" computerName="АНТОШКА-ПК" duration="00:00:00.0033672" startTime="2011-03-29T21:22:48.4829806+07:00" endTime="2011-03-29T21:22:48.4979814+07:00" testType="13cdc9d9-ddb5-4fa4-a97d-d965ccfc6d4b" outcome="Passed" testListId="8c84fa94-04c1-424b-9868-57a2d4851a1d" relativeResultsDirectory="5ead4450-1f30-4b50-b79f-750a77851ac3">
    </UnitTestResult>
  </Results>
</TestRun>